[traderobotltd.com/index.html]
[www.smartsuppchat.com/loaderd41d.js]
[backblue.gif]
[fade.gif]
[index.html]
[traderobotltd.com/styles/images/favicon.png]
[traderobotltd.com/styles/animate.css]
[maxcdn.bootstrapcdn.com/bootstrap/3.3.7/css/bootstrap.min.css]
[traderobotltd.com/styles/customc540.css]
[traderobotltd.com/styles/hover.css]
[ajax.googleapis.com/ajax/libs/jquery/1/jquery.min.js]
[maxcdn.bootstrapcdn.com/bootstrap/3.3.7/js/bootstrap.min.js]
[traderobotltd.com/styles/wow.min.js]
[traderobotltd.com/styles/assets/owlcarousel/assets/owl.carousel.min.css]
[traderobotltd.com/styles/assets/owlcarousel/assets/owl.theme.default.min.css]
[traderobotltd.com/styles/assets/owlcarousel/owl.carousel.js]
[translate.google.com/translate_a/elementa0d8.js]
[widgets.coingecko.com/coingecko-coin-price-marquee-widget.js]
[traderobotltd.com/styles/images/logo.png]
[traderobotltd.com/styles/images/loginicon.png]
[traderobotltd.com/indexbc14.html]
[traderobotltd.com/index868e.html]
[traderobotltd.com/styles/images/signupicon.png]
[traderobotltd.com/indexf93f.html]
[traderobotltd.com/indexbb7d.html]
[traderobotltd.com/styles/images/investmenticon.png]
[traderobotltd.com/index3713.html]
[traderobotltd.com/indexa972.html]
[traderobotltd.com/index058e.html]
[traderobotltd.com/index38cd.html]
[traderobotltd.com/index15a0.html]
[traderobotltd.com/indexc30b.html]
[traderobotltd.com/indexcca3.html]
[traderobotltd.com/styles/images/investmentline.png]
[traderobotltd.com/styles/images/featuresicon1.png]
[widgets.coingecko.com/coingecko-coin-heatmap-widget.js]
[traderobotltd.com/styles/images/featuresicon2.png]
[traderobotltd.com/styles/images/featuresicon3.png]
[traderobotltd.com/styles/images/featuresicon4.png]
[traderobotltd.com/styles/images/featuresicon5.png]
[traderobotltd.com/styles/images/featuresicon6.png]
[traderobotltd.com/styles/images/contactlocation.png]
[traderobotltd.com/styles/images/contactphone.png]
[traderobotltd.com/styles/images/contactemail.png]
[traderobotltd.com/package/cert.png]
[traderobotltd.com/package/cert.pdf]
[traderobotltd.com/styles/images/staticon1.png]
[traderobotltd.com/styles/images/staticon2.png]
[traderobotltd.com/styles/images/staticon3.png]
[traderobotltd.com/styles/images/staticon4.png]
[traderobotltd.com/styles/images/staticon5.png]
[traderobotltd.com/styles/images/staticon6.png]
[traderobotltd.com/styles/images/staticon7.png]
[traderobotltd.com/styles/images/staticon8.png]
[traderobotltd.com/styles/images/last10deposit.png]
[traderobotltd.com/styles/images/last10withdrawal.png]
[traderobotltd.com/2.mp4]
[traderobotltd.com/3.mp4]
[traderobotltd.com/styles/images/ripple.png]
[traderobotltd.com/styles/images/bitcoin.png]
[traderobotltd.com/styles/images/ethereum.png]
[traderobotltd.com/styles/images/litecoin.png]
[traderobotltd.com/styles/images/payeer.png]
[traderobotltd.com/indexf752.html]
[traderobotltd.com/index.html]
[traderobotltd.com/index2851.html]
[traderobotltd.com/“https_/www.smartsupp.html]
[maxcdn.bootstrapcdn.com/bootstrap/3.3.7/css/bootstrap.min.css]
[traderobotltd.com/styles/animate.css]
[traderobotltd.com/index0ec8.html]
[traderobotltd.com/styles/images/select_arrow.png]
[traderobotltd.com/styles/images/borderline.jpg]
[traderobotltd.com/styles/images/phoneicon.png]
[traderobotltd.com/styles/images/headphoneicon.png]
[traderobotltd.com/styles/images/online.png]
[traderobotltd.com/styles/images/loginbg.png]
[traderobotltd.com/styles/images/signupbg.png]
[traderobotltd.com/styles/images/mainbanner.jpg]
[traderobotltd.com/styles/images/investmentbg.png]
[traderobotltd.com/styles/images/planflag.png]
[traderobotltd.com/styles/images/refmainbg.png]
[traderobotltd.com/styles/images/referralbg.png]
[traderobotltd.com/styles/images/aboutbg.jpg]
[traderobotltd.com/styles/images/featuresbg.png]
[traderobotltd.com/styles/images/newsicon.png]
[traderobotltd.com/styles/images/footerlocation.png]
[traderobotltd.com/styles/images/footeremail.png]
[traderobotltd.com/styles/images/accnav1.png]
[traderobotltd.com/styles/images/accnav2.png]
[traderobotltd.com/styles/images/accnav3.png]
[traderobotltd.com/styles/images/accnav4.png]
[traderobotltd.com/styles/images/accnav5.png]
[traderobotltd.com/styles/images/accnav6.png]
[traderobotltd.com/styles/images/accnav7.png]
[traderobotltd.com/styles/images/accnav8.png]
[traderobotltd.com/styles/customc540.css]
[traderobotltd.com/styles/hover.css]
[traderobotltd.com/styles/setting2fad9.html]
[traderobotltd.com/styles/assets/owlcarousel/assets/owl.video.play.png]
[traderobotltd.com/styles/assets/owlcarousel/assets/owl.carousel.min.css]
[traderobotltd.com/styles/assets/owlcarousel/assets/owl.theme.default.min.css]
[traderobotltd.com/indexbc14.html]
[traderobotltd.com/package/images/invest-logos.png]
[traderobotltd.com/index868e.html]
[traderobotltd.com/indexf93f.html]
[traderobotltd.com/indexbb7d.html]
[traderobotltd.com/styles/images/affiliatethumb.png]
[traderobotltd.com/indexbfa5.html]
[traderobotltd.com/styles/images/benifitthumb.png]
[traderobotltd.com/index058e.html]
[widgets.coingecko.com/coingecko-coin-price-chart-widget.js]
[widgets.coingecko.com/coingecko-coin-market-ticker-list-widget.js]
[traderobotltd.com/index3713.html]
[traderobotltd.com/indexa972.html]
[traderobotltd.com/index38cd.html]
[traderobotltd.com/index15a0.html]
[traderobotltd.com/indexc30b.html]
[traderobotltd.com/indexcca3.html]
[traderobotltd.com/indexf752.html]
[traderobotltd.com/index2851.html]
[traderobotltd.com/index0ec8.html]
[traderobotltd.com/cdn-cgi/scripts/5c5dd728/cloudflare-static/email-decode.min.html]
[traderobotltd.com/indexbfa5.html]
[traderobotltd.com/files.coinmarketcap.com/static/widget/currency.html]
[traderobotltd.com/cdn-cgi/l/email-protection.html]
[traderobotltd.com/index8083.html]
[traderobotltd.com/index8083.html]
